DEBUG    httpx:_config.py:82 load_ssl_context verify=True cert=None trust_env=True http2=False
DEBUG    httpx:_config.py:148 load_verify_locations cafile='/usr/lib/ssl/cert.pem'
DEBUG    httpx:_config.py:82 load_ssl_context verify=True cert=None trust_env=False http2=False
DEBUG    httpx:_config.py:148 load_verify_locations cafile='/home/tgrytnes/projects/Mnemosyne/.venv/lib/python3.11/site-packages/certifi/cacert.pem'
DEBUG    httpcore.connection:_trace.py:47 connect_tcp.started host='localhost' port=8080 local_address=None timeout=5.0 socket_options=None
DEBUG    httpcore.connection:_trace.py:47 connect_tcp.complete return_value=<httpcore._backends.sync.SyncStream object at 0x7fff31fbed50>
DEBUG    httpcore.http11:_trace.py:47 send_request_headers.started request=<Request [b'GET']>
DEBUG    httpcore.http11:_trace.py:47 send_request_headers.complete
DEBUG    httpcore.http11:_trace.py:47 send_request_body.started request=<Request [b'GET']>
DEBUG    httpcore.http11:_trace.py:47 send_request_body.complete
DEBUG    httpcore.http11:_trace.py:47 receive_response_headers.started request=<Request [b'GET']>
DEBUG    httpcore.http11:_trace.py:47 receive_response_headers.complete return_value=(b'HTTP/1.1', 302, b'Found', [(b'date', b'Mon, 29 Dec 2025 18:28:37 GMT'), (b'server', b'uvicorn'), (b'content-type', b'text/html; charset=utf-8'), (b'location', b'/accounts/login/?next=/v1/.well-known/openid-configuration'), (b'x-frame-options', b'SAMEORIGIN'), (b'content-length', b'0'), (b'vary', b'Accept-Language, origin, Cookie'), (b'content-language', b'en-us'), (b'x-content-type-options', b'nosniff'), (b'referrer-policy', b'same-origin'), (b'cross-origin-opener-policy', b'same-origin')])
INFO     httpx:_client.py:1038 HTTP Request: GET http://localhost:8080/v1/.well-known/openid-configuration "HTTP/1.1 302 Found"
DEBUG    httpcore.http11:_trace.py:47 receive_response_body.started request=<Request [b'GET']>
DEBUG    httpcore.http11:_trace.py:47 receive_response_body.complete
DEBUG    httpcore.http11:_trace.py:47 response_closed.started
DEBUG    httpcore.http11:_trace.py:47 response_closed.complete
DEBUG    httpcore.connection:_trace.py:47 close.started
DEBUG    httpcore.connection:_trace.py:47 close.complete
DEBUG    httpx:_config.py:82 load_ssl_context verify=True cert=None trust_env=False http2=False
DEBUG    httpx:_config.py:148 load_verify_locations cafile='/home/tgrytnes/projects/Mnemosyne/.venv/lib/python3.11/site-packages/certifi/cacert.pem'
DEBUG    httpcore.connection:_trace.py:47 connect_tcp.started host='localhost' port=8080 local_address=None timeout=5.0 socket_options=None
DEBUG    httpcore.connection:_trace.py:47 connect_tcp.complete return_value=<httpcore._backends.sync.SyncStream object at 0x7fff31ff1450>
DEBUG    httpcore.http11:_trace.py:47 send_request_headers.started request=<Request [b'GET']>
DEBUG    httpcore.http11:_trace.py:47 send_request_headers.complete
DEBUG    httpcore.http11:_trace.py:47 send_request_body.started request=<Request [b'GET']>
DEBUG    httpcore.http11:_trace.py:47 send_request_body.complete
DEBUG    httpcore.http11:_trace.py:47 receive_response_headers.started request=<Request [b'GET']>
DEBUG    httpcore.http11:_trace.py:47 receive_response_headers.complete return_value=(b'HTTP/1.1', 302, b'Found', [(b'date', b'Mon, 29 Dec 2025 18:28:37 GMT'), (b'server', b'uvicorn'), (b'content-type', b'text/html; charset=utf-8'), (b'location', b'/accounts/login/?next=/v1/meta'), (b'x-frame-options', b'SAMEORIGIN'), (b'content-length', b'0'), (b'vary', b'Accept-Language, origin, Cookie'), (b'content-language', b'en-us'), (b'x-content-type-options', b'nosniff'), (b'referrer-policy', b'same-origin'), (b'cross-origin-opener-policy', b'same-origin')])
INFO     httpx:_client.py:1038 HTTP Request: GET http://localhost:8080/v1/meta "HTTP/1.1 302 Found"
DEBUG    httpcore.http11:_trace.py:47 receive_response_body.started request=<Request [b'GET']>
DEBUG    httpcore.http11:_trace.py:47 receive_response_body.complete
DEBUG    httpcore.http11:_trace.py:47 response_closed.started
DEBUG    httpcore.http11:_trace.py:47 response_closed.complete
DEBUG    httpcore.connection:_trace.py:47 close.started
DEBUG    httpcore.connection:_trace.py:47 close.complete
DEBUG    httpx:_config.py:82 load_ssl_context verify=True cert=None trust_env=True http2=False
DEBUG    httpx:_config.py:148 load_verify_locations cafile='/usr/lib/ssl/cert.pem'
DEBUG    httpcore.connection:_trace.py:47 connect_tcp.started host='localhost' port=11434 local_address=None timeout=None socket_options=None
DEBUG    httpcore.connection:_trace.py:47 connect_tcp.complete return_value=<httpcore._backends.sync.SyncStream object at 0x7fff32023c10>
DEBUG    httpcore.http11:_trace.py:47 send_request_headers.started request=<Request [b'POST']>
DEBUG    httpcore.http11:_trace.py:47 send_request_headers.complete
DEBUG    httpcore.http11:_trace.py:47 send_request_body.started request=<Request [b'POST']>
DEBUG    httpcore.http11:_trace.py:47 send_request_body.complete
DEBUG    httpcore.http11:_trace.py:47 receive_response_headers.started request=<Request [b'POST']>
